// Jest Snapshot v1, https://goo.gl/fbAQLP

exports[`App.vue snapshot 1`] = `
<div
  data-v-app=""
>
  
  <!--v-if-->
  <div
    class="main"
  >
    <!---->
  </div>
  
</div>
`;
