// Jest Snapshot v1, https://goo.gl/fbAQLP

exports[`Product.vue snapshot 1`] = `
<div
  data-v-app=""
>
  
  <!--v-if-->
  <div
    class="modal"
    id="myModal"
  >
    <div
      class="modal-dialog"
    >
      <div
        class="modal-content"
      >
        <div
          class="modal-header"
        >
          <h5
            class="modal-title"
          >
            New tax rate
          </h5>
          <button
            aria-label="Close"
            class="btn-close"
            data-bs-dismiss="modal"
            type="button"
          />
        </div>
        <div
          class="modal-body"
        >
          <label>
            Set new tax rate for product
          </label>
          <input
            class="form-control mt-2"
            type="text"
          />
        </div>
        <div
          class="modal-footer"
        >
          <button
            class="btn btn-secondary"
            data-bs-dismiss="modal"
            type="button"
          >
             Close 
          </button>
          <button
            class="btn btn-primary"
            type="button"
          >
             Save changes 
          </button>
        </div>
      </div>
    </div>
  </div>
  <div
    class="modal"
    id="expensesModal"
  >
    <div
      class="modal-dialog"
    >
      <div
        class="modal-content"
      >
        <div
          class="modal-header"
        >
          <h5
            class="modal-title"
          >
            Expense
          </h5>
          <button
            aria-label="Close"
            class="btn-close"
            data-bs-dismiss="modal"
            type="button"
          />
        </div>
        <div
          class="modal-body"
        >
          <label>
            Description
          </label>
          <input
            class="form-control mt-2"
            type="text"
          />
          <label>
            Set new tax rate for product
          </label>
          <input
            class="form-control mt-2"
            type="text"
          />
          <label>
            Amount type
          </label>
          <select
            class="form-control"
          >
            <option>
              %
            </option>
            <option>
              $
            </option>
          </select>
        </div>
        <div
          class="modal-footer"
        >
          <button
            class="btn btn-secondary"
            data-bs-dismiss="modal"
            type="button"
          >
             Close 
          </button>
          <button
            class="btn btn-primary"
            type="button"
          >
             Save changes 
          </button>
        </div>
      </div>
    </div>
  </div>
  <div
    class="modal"
    id="capModal"
  >
    <div
      class="modal-dialog"
    >
      <div
        class="modal-content"
      >
        <div
          class="modal-header"
        >
          <h5
            class="modal-title"
          >
            Cap
          </h5>
          <button
            aria-label="Close"
            class="btn-close"
            data-bs-dismiss="modal"
            type="button"
          />
        </div>
        <div
          class="modal-body"
        >
          <label>
            Amount
          </label>
          <input
            class="form-control mt-2"
            type="text"
          />
          <label>
            Cap type
          </label>
          <select
            class="form-control"
          >
            <option>
              %
            </option>
            <option>
              $
            </option>
          </select>
        </div>
        <div
          class="modal-footer"
        >
          <button
            class="btn btn-secondary"
            data-bs-dismiss="modal"
            type="button"
          >
             Close 
          </button>
          <button
            class="btn btn-primary"
            type="button"
          >
             Save changes 
          </button>
        </div>
      </div>
    </div>
  </div>
  
</div>
`;
